➜  docker-compose cp docker-compose.yml postgres.yml
➜  docker-compose # Modified the postgress configuration to run only postgres for dev env data gets persisted into ./tmp/
➜  docker-compose docker compose -f postgres.yml up -d
[+] Running 0/1
 ⠋ Container postgresql  Starting                                                                                                                                   0.1s 
Error response from daemon: Could not attach to network springbootdemo: rpc error: code = NotFound desc = network springbootdemo not found
➜  docker-compose docker network create springbootdemo
f4922fad8f980c4d7932271e46f11548e1c4ccfd5b0a57caad813ff51360057c
➜  docker-compose docker compose -f postgres.yml up -d
[+] Running 1/1
 ✔ Container postgresql  Started                                                                                                                                    0.3s 
➜  docker-compose docker ps -a
CONTAINER ID   IMAGE           COMMAND                  CREATED          STATUS                            PORTS                    NAMES
e3914f691fdc   postgres:16.4   "docker-entrypoint.s…"   23 seconds ago   Up 3 seconds (health: starting)   0.0.0.0:5432->5432/tcp   postgresql
➜  docker-compose docker logs postgresql
********************************************************************************
WARNING: POSTGRES_HOST_AUTH_METHOD has been set to "trust". This will allow
         anyone with access to the Postgres port to access your database without
         a password, even if POSTGRES_PASSWORD is set. See PostgreSQL
         documentation about "trust":
         https://www.postgresql.org/docs/current/auth-trust.html
         In Docker's default configuration, this is effectively any other
         container on the same system.

         It is not recommended to use POSTGRES_HOST_AUTH_METHOD=trust. Replace
         it with "-e POSTGRES_PASSWORD=password" instead to set a password in
         "docker run".
********************************************************************************
The files belonging to this database system will be owned by user "postgres".
This user must also own the server process.

The database cluster will be initialized with locale "en_US.utf8".
The default database encoding has accordingly been set to "UTF8".
The default text search configuration will be set to "english".

Data page checksums are disabled.

fixing permissions on existing directory /var/lib/postgresql/data ... ok
creating subdirectories ... ok
selecting dynamic shared memory implementation ... posix
selecting default max_connections ... 100
selecting default shared_buffers ... 128MB
selecting default time zone ... Etc/UTC
creating configuration files ... ok
running bootstrap script ... ok
performing post-bootstrap initialization ... ok
syncing data to disk ... ok


Success. You can now start the database server using:

    pg_ctl -D /var/lib/postgresql/data -l logfile start

initdb: warning: enabling "trust" authentication for local connections
initdb: hint: You can change this by editing pg_hba.conf or using the option -A, or --auth-local and --auth-host, the next time you run initdb.
waiting for server to start....2024-09-07 20:24:57.808 UTC [50] LOG:  starting PostgreSQL 16.4 (Debian 16.4-1.pgdg120+1) on x86_64-pc-linux-gnu, compiled by gcc (Debian 12.2.0-14) 12.2.0, 64-bit
2024-09-07 20:24:57.811 UTC [50] LOG:  listening on Unix socket "/var/run/postgresql/.s.PGSQL.5432"
2024-09-07 20:24:57.825 UTC [53] LOG:  database system was shut down at 2024-09-07 20:24:56 UTC
2024-09-07 20:24:57.838 UTC [50] LOG:  database system is ready to accept connections
 done
server started
2024-09-07 20:24:57.981 UTC [68] FATAL:  database "SpingBootDemoApp" does not exist
CREATE DATABASE


/usr/local/bin/docker-entrypoint.sh: ignoring /docker-entrypoint-initdb.d/*

2024-09-07 20:24:58.719 UTC [50] LOG:  received fast shutdown request
waiting for server to shut down....2024-09-07 20:24:58.720 UTC [50] LOG:  aborting any active transactions
2024-09-07 20:24:58.723 UTC [50] LOG:  background worker "logical replication launcher" (PID 56) exited with exit code 1
2024-09-07 20:24:58.724 UTC [51] LOG:  shutting down
2024-09-07 20:24:58.725 UTC [51] LOG:  checkpoint starting: shutdown immediate
2024-09-07 20:24:59.080 UTC [51] LOG:  checkpoint complete: wrote 922 buffers (5.6%); 0 WAL file(s) added, 0 removed, 0 recycled; write=0.262 s, sync=0.085 s, total=0.357 s; sync files=301, longest=0.001 s, average=0.001 s; distance=4255 kB, estimate=4255 kB; lsn=0/1912088, redo lsn=0/1912088
2024-09-07 20:24:59.149 UTC [50] LOG:  database system is shut down
 done
server stopped

PostgreSQL init process complete; ready for start up.

2024-09-07 20:24:59.265 UTC [1] LOG:  starting PostgreSQL 16.4 (Debian 16.4-1.pgdg120+1) on x86_64-pc-linux-gnu, compiled by gcc (Debian 12.2.0-14) 12.2.0, 64-bit
2024-09-07 20:24:59.265 UTC [1] LOG:  listening on IPv4 address "0.0.0.0", port 5432
2024-09-07 20:24:59.265 UTC [1] LOG:  listening on IPv6 address "::", port 5432
2024-09-07 20:24:59.268 UTC [1] LOG:  listening on Unix socket "/var/run/postgresql/.s.PGSQL.5432"
2024-09-07 20:24:59.283 UTC [74] LOG:  database system was shut down at 2024-09-07 20:24:59 UTC
2024-09-07 20:24:59.298 UTC [1] LOG:  database system is ready to accept connections